Archive member included to satisfy reference by file (symbol)

D:\University\Semester 6\OOSE-LAB SS22\Runtime\libRuntime.a(DigiPort.o)
                              main.o (_ZN11DigiPortRawC1Ehhh)
D:\University\Semester 6\OOSE-LAB SS22\Runtime\libRuntime.a(LCD.o)
                              main.o (_ZN3LCD7set_posEhh)
D:\University\Semester 6\OOSE-LAB SS22\Runtime\libRuntime.a(OSKernel.o)
                              D:\University\Semester 6\OOSE-LAB SS22\Runtime\libRuntime.a(DigiPort.o) (_Z5yieldv)
D:\University\Semester 6\OOSE-LAB SS22\Runtime\libRuntime.a(Timer.o)
                              main.o (_ZN7Timer16C1EhPFvvES1_S1_S1_)
D:\University\Semester 6\OOSE-LAB SS22\Runtime\libRuntime.a(Basics.o)
                              D:\University\Semester 6\OOSE-LAB SS22\Runtime\libRuntime.a(DigiPort.o) (_Z22port_handle_to_addressh)
c:/program files (x86)/atmel/studio/7.0/toolchain/avr8/avr8-gnu-toolchain/bin/../lib/gcc/avr/5.4.0/avr6\libgcc.a(_divmodhi4.o)
                              D:\University\Semester 6\OOSE-LAB SS22\Runtime\libRuntime.a(LCD.o) (__divmodhi4)
c:/program files (x86)/atmel/studio/7.0/toolchain/avr8/avr8-gnu-toolchain/bin/../lib/gcc/avr/5.4.0/avr6\libgcc.a(_udivmodsi4.o)
                              D:\University\Semester 6\OOSE-LAB SS22\Runtime\libRuntime.a(OSKernel.o) (__udivmodsi4)
c:/program files (x86)/atmel/studio/7.0/toolchain/avr8/avr8-gnu-toolchain/bin/../lib/gcc/avr/5.4.0/avr6\libgcc.a(_exit.o)
                              C:/Program Files (x86)/Atmel/Studio/7.0/Packs/atmel/ATmega_DFP/1.6.364/gcc/dev/atmega2560/avr6/crtatmega2560.o (exit)
c:/program files (x86)/atmel/studio/7.0/toolchain/avr8/avr8-gnu-toolchain/bin/../lib/gcc/avr/5.4.0/avr6\libgcc.a(_copy_data.o)
                              main.o (__do_copy_data)
c:/program files (x86)/atmel/studio/7.0/toolchain/avr8/avr8-gnu-toolchain/bin/../lib/gcc/avr/5.4.0/avr6\libgcc.a(_clear_bss.o)
                              main.o (__do_clear_bss)
c:/program files (x86)/atmel/studio/7.0/toolchain/avr8/avr8-gnu-toolchain/bin/../lib/gcc/avr/5.4.0/avr6\libgcc.a(_ctors.o)
                              main.o (__do_global_ctors)
c:/program files (x86)/atmel/studio/7.0/toolchain/avr8/avr8-gnu-toolchain/bin/../lib/gcc/avr/5.4.0/avr6\libgcc.a(_udivmodhi4.o)
                              c:/program files (x86)/atmel/studio/7.0/toolchain/avr8/avr8-gnu-toolchain/bin/../lib/gcc/avr/5.4.0/avr6\libgcc.a(_divmodhi4.o) (__udivmodhi4)
c:/program files (x86)/atmel/studio/7.0/toolchain/avr8/avr8-gnu-toolchain/bin/../lib/gcc/avr/5.4.0/avr6\libgcc.a(_tablejump2.o)
                              c:/program files (x86)/atmel/studio/7.0/toolchain/avr8/avr8-gnu-toolchain/bin/../lib/gcc/avr/5.4.0/avr6\libgcc.a(_ctors.o) (__tablejump2__)

Discarded input sections

 .data          0x00000000        0x0 C:/Program Files (x86)/Atmel/Studio/7.0/Packs/atmel/ATmega_DFP/1.6.364/gcc/dev/atmega2560/avr6/crtatmega2560.o
 .bss           0x00000000        0x0 C:/Program Files (x86)/Atmel/Studio/7.0/Packs/atmel/ATmega_DFP/1.6.364/gcc/dev/atmega2560/avr6/crtatmega2560.o
 .text          0x00000000        0x0 main.o
 .data          0x00000000        0x0 main.o
 .bss           0x00000000        0x0 main.o
 .text._ZN5AmpelC2Ev
                0x00000000        0x2 main.o
 .group         0x00000000        0x8 D:\University\Semester 6\OOSE-LAB SS22\Runtime\libRuntime.a(DigiPort.o)
 .group         0x00000000        0x8 D:\University\Semester 6\OOSE-LAB SS22\Runtime\libRuntime.a(DigiPort.o)
 .text          0x00000000        0x0 D:\University\Semester 6\OOSE-LAB SS22\Runtime\libRuntime.a(DigiPort.o)
 .data          0x00000000        0x0 D:\University\Semester 6\OOSE-LAB SS22\Runtime\libRuntime.a(DigiPort.o)
 .bss           0x00000000        0x0 D:\University\Semester 6\OOSE-LAB SS22\Runtime\libRuntime.a(DigiPort.o)
 .text._ZN12DigiPortIRPT6notifyEv
                0x00000000       0x50 D:\University\Semester 6\OOSE-LAB SS22\Runtime\libRuntime.a(DigiPort.o)
 .text._ZN11DigiPortRaw14read_busy_waitEh
                0x00000000       0x36 D:\University\Semester 6\OOSE-LAB SS22\Runtime\libRuntime.a(DigiPort.o)
 .text._ZN11DigiPortRaw13read_blockingEh
                0x00000000       0x68 D:\University\Semester 6\OOSE-LAB SS22\Runtime\libRuntime.a(DigiPort.o)
 .text._ZN12DigiPortIRPTC2EhhhPFvvE
                0x00000000       0x98 D:\University\Semester 6\OOSE-LAB SS22\Runtime\libRuntime.a(DigiPort.o)
 .rodata._ZTV12DigiPortIRPT
                0x00000000        0x6 D:\University\Semester 6\OOSE-LAB SS22\Runtime\libRuntime.a(DigiPort.o)
 .text          0x00000000        0x0 D:\University\Semester 6\OOSE-LAB SS22\Runtime\libRuntime.a(LCD.o)
 .data          0x00000000        0x0 D:\University\Semester 6\OOSE-LAB SS22\Runtime\libRuntime.a(LCD.o)
 .bss           0x00000000        0x0 D:\University\Semester 6\OOSE-LAB SS22\Runtime\libRuntime.a(LCD.o)
 .text._ZN3LCD16write_FLASH_textEPKch
                0x00000000       0x4a D:\University\Semester 6\OOSE-LAB SS22\Runtime\libRuntime.a(LCD.o)
 .text._ZN3LCD5clearEv
                0x00000000       0x2c D:\University\Semester 6\OOSE-LAB SS22\Runtime\libRuntime.a(LCD.o)
 .text._ZN3LCD4homeEv
                0x00000000       0x2c D:\University\Semester 6\OOSE-LAB SS22\Runtime\libRuntime.a(LCD.o)
 .rodata.str1.1
                0x00000000       0x10 D:\University\Semester 6\OOSE-LAB SS22\Runtime\libRuntime.a(LCD.o)
 .text._ZN3LCD8describeEv
                0x00000000       0x9e D:\University\Semester 6\OOSE-LAB SS22\Runtime\libRuntime.a(LCD.o)
 .text._ZN4LCDSC2Eh10LCD_Type_th
                0x00000000       0x4a D:\University\Semester 6\OOSE-LAB SS22\Runtime\libRuntime.a(LCD.o)
 .text._ZN4LCDS5clearEv
                0x00000000       0x32 D:\University\Semester 6\OOSE-LAB SS22\Runtime\libRuntime.a(LCD.o)
 .text._ZN4LCDS7refreshEv
                0x00000000       0xb0 D:\University\Semester 6\OOSE-LAB SS22\Runtime\libRuntime.a(LCD.o)
 .text._ZN4LCDS14buffer_roll_upEv
                0x00000000       0xc2 D:\University\Semester 6\OOSE-LAB SS22\Runtime\libRuntime.a(LCD.o)
 .text._ZN4LCDS10write_charEc
                0x00000000       0xb0 D:\University\Semester 6\OOSE-LAB SS22\Runtime\libRuntime.a(LCD.o)
 .text._ZN4LCDS15write_SRAM_textEPKch
                0x00000000       0x46 D:\University\Semester 6\OOSE-LAB SS22\Runtime\libRuntime.a(LCD.o)
 .text._ZN4LCDS16write_FLASH_textEPKch
                0x00000000       0x4a D:\University\Semester 6\OOSE-LAB SS22\Runtime\libRuntime.a(LCD.o)
 .text._ZN4LCDS9scroll_upEh
                0x00000000       0x20 D:\University\Semester 6\OOSE-LAB SS22\Runtime\libRuntime.a(LCD.o)
 .text._ZN4LCDS11scroll_downEh
                0x00000000       0x4e D:\University\Semester 6\OOSE-LAB SS22\Runtime\libRuntime.a(LCD.o)
 .text          0x00000000        0x0 D:\University\Semester 6\OOSE-LAB SS22\Runtime\libRuntime.a(OSKernel.o)
 .data          0x00000000        0x0 D:\University\Semester 6\OOSE-LAB SS22\Runtime\libRuntime.a(OSKernel.o)
 .bss           0x00000000        0x0 D:\University\Semester 6\OOSE-LAB SS22\Runtime\libRuntime.a(OSKernel.o)
 .text._ZL4idlev
                0x00000000       0x18 D:\University\Semester 6\OOSE-LAB SS22\Runtime\libRuntime.a(OSKernel.o)
 .text._Z11task_insertPFvvE8Priority
                0x00000000       0xd6 D:\University\Semester 6\OOSE-LAB SS22\Runtime\libRuntime.a(OSKernel.o)
 .text._Z8activateh
                0x00000000       0x48 D:\University\Semester 6\OOSE-LAB SS22\Runtime\libRuntime.a(OSKernel.o)
 .text._Z9is_activeh
                0x00000000       0x2a D:\University\Semester 6\OOSE-LAB SS22\Runtime\libRuntime.a(OSKernel.o)
 .text._Z10elapsed_msh
                0x00000000       0x3c D:\University\Semester 6\OOSE-LAB SS22\Runtime\libRuntime.a(OSKernel.o)
 .text._Z6kernel14SchedulingTypePFvhE
                0x00000000       0x2c D:\University\Semester 6\OOSE-LAB SS22\Runtime\libRuntime.a(OSKernel.o)
 .text._Z11stop_kernelh
                0x00000000       0x1e D:\University\Semester 6\OOSE-LAB SS22\Runtime\libRuntime.a(OSKernel.o)
 .text._Z5yieldv
                0x00000000       0x58 D:\University\Semester 6\OOSE-LAB SS22\Runtime\libRuntime.a(OSKernel.o)
 .text._Z10deactivateh
                0x00000000       0x52 D:\University\Semester 6\OOSE-LAB SS22\Runtime\libRuntime.a(OSKernel.o)
 .text._Z15current_task_idv
                0x00000000        0x6 D:\University\Semester 6\OOSE-LAB SS22\Runtime\libRuntime.a(OSKernel.o)
 .text._Z13task_set_prio8Priority
                0x00000000       0x1c D:\University\Semester 6\OOSE-LAB SS22\Runtime\libRuntime.a(OSKernel.o)
 .text._Z8sem_waith
                0x00000000       0x70 D:\University\Semester 6\OOSE-LAB SS22\Runtime\libRuntime.a(OSKernel.o)
 .bss._ZL22sem_waiting_free_index
                0x00000000        0x1 D:\University\Semester 6\OOSE-LAB SS22\Runtime\libRuntime.a(OSKernel.o)
 .bss._ZL8exitproc
                0x00000000        0x2 D:\University\Semester 6\OOSE-LAB SS22\Runtime\libRuntime.a(OSKernel.o)
 .bss._ZL10sched_type
                0x00000000        0x1 D:\University\Semester 6\OOSE-LAB SS22\Runtime\libRuntime.a(OSKernel.o)
 .group         0x00000000        0x8 D:\University\Semester 6\OOSE-LAB SS22\Runtime\libRuntime.a(Timer.o)
 .group         0x00000000        0x8 D:\University\Semester 6\OOSE-LAB SS22\Runtime\libRuntime.a(Timer.o)
 .group         0x00000000        0x8 D:\University\Semester 6\OOSE-LAB SS22\Runtime\libRuntime.a(Timer.o)
 .group         0x00000000        0x8 D:\University\Semester 6\OOSE-LAB SS22\Runtime\libRuntime.a(Timer.o)
 .group         0x00000000        0x8 D:\University\Semester 6\OOSE-LAB SS22\Runtime\libRuntime.a(Timer.o)
 .group         0x00000000        0x8 D:\University\Semester 6\OOSE-LAB SS22\Runtime\libRuntime.a(Timer.o)
 .group         0x00000000        0x8 D:\University\Semester 6\OOSE-LAB SS22\Runtime\libRuntime.a(Timer.o)
 .group         0x00000000        0x8 D:\University\Semester 6\OOSE-LAB SS22\Runtime\libRuntime.a(Timer.o)
 .group         0x00000000        0x8 D:\University\Semester 6\OOSE-LAB SS22\Runtime\libRuntime.a(Timer.o)
 .group         0x00000000        0x8 D:\University\Semester 6\OOSE-LAB SS22\Runtime\libRuntime.a(Timer.o)
 .group         0x00000000        0x8 D:\University\Semester 6\OOSE-LAB SS22\Runtime\libRuntime.a(Timer.o)
 .group         0x00000000        0x8 D:\University\Semester 6\OOSE-LAB SS22\Runtime\libRuntime.a(Timer.o)
 .group         0x00000000        0x8 D:\University\Semester 6\OOSE-LAB SS22\Runtime\libRuntime.a(Timer.o)
 .group         0x00000000        0x8 D:\University\Semester 6\OOSE-LAB SS22\Runtime\libRuntime.a(Timer.o)
 .group         0x00000000        0x8 D:\University\Semester 6\OOSE-LAB SS22\Runtime\libRuntime.a(Timer.o)
 .text          0x00000000        0x0 D:\University\Semester 6\OOSE-LAB SS22\Runtime\libRuntime.a(Timer.o)
 .data          0x00000000        0x0 D:\University\Semester 6\OOSE-LAB SS22\Runtime\libRuntime.a(Timer.o)
 .bss           0x00000000        0x0 D:\University\Semester 6\OOSE-LAB SS22\Runtime\libRuntime.a(Timer.o)
 .text._ZN7Timer168start_usEjjjjh
                0x00000000      0x144 D:\University\Semester 6\OOSE-LAB SS22\Runtime\libRuntime.a(Timer.o)
 .text._ZN6Timer88start_msEjjjh
                0x00000000       0xe6 D:\University\Semester 6\OOSE-LAB SS22\Runtime\libRuntime.a(Timer.o)
 .text._ZN6Timer88start_usEjjjh
                0x00000000       0xc6 D:\University\Semester 6\OOSE-LAB SS22\Runtime\libRuntime.a(Timer.o)
 .text._ZN7OSTimer13force_timeoutEv
                0x00000000       0x58 D:\University\Semester 6\OOSE-LAB SS22\Runtime\libRuntime.a(Timer.o)
 .text._ZN7OSTimer5startEj
                0x00000000       0x6e D:\University\Semester 6\OOSE-LAB SS22\Runtime\libRuntime.a(Timer.o)
 .text          0x00000000        0x0 D:\University\Semester 6\OOSE-LAB SS22\Runtime\libRuntime.a(Basics.o)
 .data          0x00000000        0x0 D:\University\Semester 6\OOSE-LAB SS22\Runtime\libRuntime.a(Basics.o)
 .bss           0x00000000        0x0 D:\University\Semester 6\OOSE-LAB SS22\Runtime\libRuntime.a(Basics.o)
 .text          0x00000000        0x0 c:/program files (x86)/atmel/studio/7.0/toolchain/avr8/avr8-gnu-toolchain/bin/../lib/gcc/avr/5.4.0/avr6\libgcc.a(_divmodhi4.o)
 .data          0x00000000        0x0 c:/program files (x86)/atmel/studio/7.0/toolchain/avr8/avr8-gnu-toolchain/bin/../lib/gcc/avr/5.4.0/avr6\libgcc.a(_divmodhi4.o)
 .bss           0x00000000        0x0 c:/program files (x86)/atmel/studio/7.0/toolchain/avr8/avr8-gnu-toolchain/bin/../lib/gcc/avr/5.4.0/avr6\libgcc.a(_divmodhi4.o)
 .text.libgcc.mul
                0x00000000        0x0 c:/program files (x86)/atmel/studio/7.0/toolchain/avr8/avr8-gnu-toolchain/bin/../lib/gcc/avr/5.4.0/avr6\libgcc.a(_divmodhi4.o)
 .text.libgcc   0x00000000        0x0 c:/program files (x86)/atmel/studio/7.0/toolchain/avr8/avr8-gnu-toolchain/bin/../lib/gcc/avr/5.4.0/avr6\libgcc.a(_divmodhi4.o)
 .text.libgcc.prologue
                0x00000000        0x0 c:/program files (x86)/atmel/studio/7.0/toolchain/avr8/avr8-gnu-toolchain/bin/../lib/gcc/avr/5.4.0/avr6\libgcc.a(_divmodhi4.o)
 .text.libgcc.builtins
                0x00000000        0x0 c:/program files (x86)/atmel/studio/7.0/toolchain/avr8/avr8-gnu-toolchain/bin/../lib/gcc/avr/5.4.0/avr6\libgcc.a(_divmodhi4.o)
 .text.libgcc.fmul
                0x00000000        0x0 c:/program files (x86)/atmel/studio/7.0/toolchain/avr8/avr8-gnu-toolchain/bin/../lib/gcc/avr/5.4.0/avr6\libgcc.a(_divmodhi4.o)
 .text.libgcc.fixed
                0x00000000        0x0 c:/program files (x86)/atmel/studio/7.0/toolchain/avr8/avr8-gnu-toolchain/bin/../lib/gcc/avr/5.4.0/avr6\libgcc.a(_divmodhi4.o)
 .text          0x00000000        0x0 c:/program files (x86)/atmel/studio/7.0/toolchain/avr8/avr8-gnu-toolchain/bin/../lib/gcc/avr/5.4.0/avr6\libgcc.a(_udivmodsi4.o)
 .data          0x00000000        0x0 c:/program files (x86)/atmel/studio/7.0/toolchain/avr8/avr8-gnu-toolchain/bin/../lib/gcc/avr/5.4.0/avr6\libgcc.a(_udivmodsi4.o)
 .bss           0x00000000        0x0 c:/program files (x86)/atmel/studio/7.0/toolchain/avr8/avr8-gnu-toolchain/bin/../lib/gcc/avr/5.4.0/avr6\libgcc.a(_udivmodsi4.o)
 .text.libgcc.mul
                0x00000000        0x0 c:/program files (x86)/atmel/studio/7.0/toolchain/avr8/avr8-gnu-toolchain/bin/../lib/gcc/avr/5.4.0/avr6\libgcc.a(_udivmodsi4.o)
 .text.libgcc.div
                0x00000000       0x44 c:/program files (x86)/atmel/studio/7.0/toolchain/avr8/avr8-gnu-toolchain/bin/../lib/gcc/avr/5.4.0/avr6\libgcc.a(_udivmodsi4.o)
 .text.libgcc   0x00000000        0x0 c:/program files (x86)/atmel/studio/7.0/toolchain/avr8/avr8-gnu-toolchain/bin/../lib/gcc/avr/5.4.0/avr6\libgcc.a(_udivmodsi4.o)
 .text.libgcc.prologue
                0x00000000        0x0 c:/program files (x86)/atmel/studio/7.0/toolchain/avr8/avr8-gnu-toolchain/bin/../lib/gcc/avr/5.4.0/avr6\libgcc.a(_udivmodsi4.o)
 .text.libgcc.builtins
                0x00000000        0x0 c:/program files (x86)/atmel/studio/7.0/toolchain/avr8/avr8-gnu-toolchain/bin/../lib/gcc/avr/5.4.0/avr6\libgcc.a(_udivmodsi4.o)
 .text.libgcc.fmul
                0x00000000        0x0 c:/program files (x86)/atmel/studio/7.0/toolchain/avr8/avr8-gnu-toolchain/bin/../lib/gcc/avr/5.4.0/avr6\libgcc.a(_udivmodsi4.o)
 .text.libgcc.fixed
                0x00000000        0x0 c:/program files (x86)/atmel/studio/7.0/toolchain/avr8/avr8-gnu-toolchain/bin/../lib/gcc/avr/5.4.0/avr6\libgcc.a(_udivmodsi4.o)
 .text          0x00000000        0x0 c:/program files (x86)/atmel/studio/7.0/toolchain/avr8/avr8-gnu-toolchain/bin/../lib/gcc/avr/5.4.0/avr6\libgcc.a(_exit.o)
 .data          0x00000000        0x0 c:/program files (x86)/atmel/studio/7.0/toolchain/avr8/avr8-gnu-toolchain/bin/../lib/gcc/avr/5.4.0/avr6\libgcc.a(_exit.o)
 .bss           0x00000000        0x0 c:/program files (x86)/atmel/studio/7.0/toolchain/avr8/avr8-gnu-toolchain/bin/../lib/gcc/avr/5.4.0/avr6\libgcc.a(_exit.o)
 .text.libgcc.mul
                0x00000000        0x0 c:/program files (x86)/atmel/studio/7.0/toolchain/avr8/avr8-gnu-toolchain/bin/../lib/gcc/avr/5.4.0/avr6\libgcc.a(_exit.o)
 .text.libgcc.div
                0x00000000        0x0 c:/program files (x86)/atmel/studio/7.0/toolchain/avr8/avr8-gnu-toolchain/bin/../lib/gcc/avr/5.4.0/avr6\libgcc.a(_exit.o)
 .text.libgcc   0x00000000        0x0 c:/program files (x86)/atmel/studio/7.0/toolchain/avr8/avr8-gnu-toolchain/bin/../lib/gcc/avr/5.4.0/avr6\libgcc.a(_exit.o)
 .text.libgcc.prologue
                0x00000000        0x0 c:/program files (x86)/atmel/studio/7.0/toolchain/avr8/avr8-gnu-toolchain/bin/../lib/gcc/avr/5.4.0/avr6\libgcc.a(_exit.o)
 .text.libgcc.builtins
                0x00000000        0x0 c:/program files (x86)/atmel/studio/7.0/toolchain/avr8/avr8-gnu-toolchain/bin/../lib/gcc/avr/5.4.0/avr6\libgcc.a(_exit.o)
 .text.libgcc.fmul
                0x00000000        0x0 c:/program files (x86)/atmel/studio/7.0/toolchain/avr8/avr8-gnu-toolchain/bin/../lib/gcc/avr/5.4.0/avr6\libgcc.a(_exit.o)
 .text.libgcc.fixed
                0x00000000        0x0 c:/program files (x86)/atmel/studio/7.0/toolchain/avr8/avr8-gnu-toolchain/bin/../lib/gcc/avr/5.4.0/avr6\libgcc.a(_exit.o)
 .text          0x00000000        0x0 c:/program files (x86)/atmel/studio/7.0/toolchain/avr8/avr8-gnu-toolchain/bin/../lib/gcc/avr/5.4.0/avr6\libgcc.a(_copy_data.o)
 .data          0x00000000        0x0 c:/program files (x86)/atmel/studio/7.0/toolchain/avr8/avr8-gnu-toolchain/bin/../lib/gcc/avr/5.4.0/avr6\libgcc.a(_copy_data.o)
 .bss           0x00000000        0x0 c:/program files (x86)/atmel/studio/7.0/toolchain/avr8/avr8-gnu-toolchain/bin/../lib/gcc/avr/5.4.0/avr6\libgcc.a(_copy_data.o)
 .text.libgcc.mul
                0x00000000        0x0 c:/program files (x86)/atmel/studio/7.0/toolchain/avr8/avr8-gnu-toolchain/bin/../lib/gcc/avr/5.4.0/avr6\libgcc.a(_copy_data.o)
 .text.libgcc.div
                0x00000000        0x0 c:/program files (x86)/atmel/studio/7.0/toolchain/avr8/avr8-gnu-toolchain/bin/../lib/gcc/avr/5.4.0/avr6\libgcc.a(_copy_data.o)
 .text.libgcc   0x00000000        0x0 c:/program files (x86)/atmel/studio/7.0/toolchain/avr8/avr8-gnu-toolchain/bin/../lib/gcc/avr/5.4.0/avr6\libgcc.a(_copy_data.o)
 .text.libgcc.prologue
                0x00000000        0x0 c:/program files (x86)/atmel/studio/7.0/toolchain/avr8/avr8-gnu-toolchain/bin/../lib/gcc/avr/5.4.0/avr6\libgcc.a(_copy_data.o)
 .text.libgcc.builtins
                0x00000000        0x0 c:/program files (x86)/atmel/studio/7.0/toolchain/avr8/avr8-gnu-toolchain/bin/../lib/gcc/avr/5.4.0/avr6\libgcc.a(_copy_data.o)
 .text.libgcc.fmul
                0x00000000        0x0 c:/program files (x86)/atmel/studio/7.0/toolchain/avr8/avr8-gnu-toolchain/bin/../lib/gcc/avr/5.4.0/avr6\libgcc.a(_copy_data.o)
 .text.libgcc.fixed
                0x00000000        0x0 c:/program files (x86)/atmel/studio/7.0/toolchain/avr8/avr8-gnu-toolchain/bin/../lib/gcc/avr/5.4.0/avr6\libgcc.a(_copy_data.o)
 .text          0x00000000        0x0 c:/program files (x86)/atmel/studio/7.0/toolchain/avr8/avr8-gnu-toolchain/bin/../lib/gcc/avr/5.4.0/avr6\libgcc.a(_clear_bss.o)
 .data          0x00000000        0x0 c:/program files (x86)/atmel/studio/7.0/toolchain/avr8/avr8-gnu-toolchain/bin/../lib/gcc/avr/5.4.0/avr6\libgcc.a(_clear_bss.o)
 .bss           0x00000000        0x0 c:/program files (x86)/atmel/studio/7.0/toolchain/avr8/avr8-gnu-toolchain/bin/../lib/gcc/avr/5.4.0/avr6\libgcc.a(_clear_bss.o)
 .text.libgcc.mul
                0x00000000        0x0 c:/program files (x86)/atmel/studio/7.0/toolchain/avr8/avr8-gnu-toolchain/bin/../lib/gcc/avr/5.4.0/avr6\libgcc.a(_clear_bss.o)
 .text.libgcc.div
                0x00000000        0x0 c:/program files (x86)/atmel/studio/7.0/toolchain/avr8/avr8-gnu-toolchain/bin/../lib/gcc/avr/5.4.0/avr6\libgcc.a(_clear_bss.o)
 .text.libgcc   0x00000000        0x0 c:/program files (x86)/atmel/studio/7.0/toolchain/avr8/avr8-gnu-toolchain/bin/../lib/gcc/avr/5.4.0/avr6\libgcc.a(_clear_bss.o)
 .text.libgcc.prologue
                0x00000000        0x0 c:/program files (x86)/atmel/studio/7.0/toolchain/avr8/avr8-gnu-toolchain/bin/../lib/gcc/avr/5.4.0/avr6\libgcc.a(_clear_bss.o)
 .text.libgcc.builtins
                0x00000000        0x0 c:/program files (x86)/atmel/studio/7.0/toolchain/avr8/avr8-gnu-toolchain/bin/../lib/gcc/avr/5.4.0/avr6\libgcc.a(_clear_bss.o)
 .text.libgcc.fmul
                0x00000000        0x0 c:/program files (x86)/atmel/studio/7.0/toolchain/avr8/avr8-gnu-toolchain/bin/../lib/gcc/avr/5.4.0/avr6\libgcc.a(_clear_bss.o)
 .text.libgcc.fixed
                0x00000000        0x0 c:/program files (x86)/atmel/studio/7.0/toolchain/avr8/avr8-gnu-toolchain/bin/../lib/gcc/avr/5.4.0/avr6\libgcc.a(_clear_bss.o)
 .text          0x00000000        0x0 c:/program files (x86)/atmel/studio/7.0/toolchain/avr8/avr8-gnu-toolchain/bin/../lib/gcc/avr/5.4.0/avr6\libgcc.a(_ctors.o)
 .data          0x00000000        0x0 c:/program files (x86)/atmel/studio/7.0/toolchain/avr8/avr8-gnu-toolchain/bin/../lib/gcc/avr/5.4.0/avr6\libgcc.a(_ctors.o)
 .bss           0x00000000        0x0 c:/program files (x86)/atmel/studio/7.0/toolchain/avr8/avr8-gnu-toolchain/bin/../lib/gcc/avr/5.4.0/avr6\libgcc.a(_ctors.o)
 .text.libgcc.mul
                0x00000000        0x0 c:/program files (x86)/atmel/studio/7.0/toolchain/avr8/avr8-gnu-toolchain/bin/../lib/gcc/avr/5.4.0/avr6\libgcc.a(_ctors.o)
 .text.libgcc.div
                0x00000000        0x0 c:/program files (x86)/atmel/studio/7.0/toolchain/avr8/avr8-gnu-toolchain/bin/../lib/gcc/avr/5.4.0/avr6\libgcc.a(_ctors.o)
 .text.libgcc   0x00000000        0x0 c:/program files (x86)/atmel/studio/7.0/toolchain/avr8/avr8-gnu-toolchain/bin/../lib/gcc/avr/5.4.0/avr6\libgcc.a(_ctors.o)
 .text.libgcc.prologue
                0x00000000        0x0 c:/program files (x86)/atmel/studio/7.0/toolchain/avr8/avr8-gnu-toolchain/bin/../lib/gcc/avr/5.4.0/avr6\libgcc.a(_ctors.o)
 .text.libgcc.builtins
                0x00000000        0x0 c:/program files (x86)/atmel/studio/7.0/toolchain/avr8/avr8-gnu-toolchain/bin/../lib/gcc/avr/5.4.0/avr6\libgcc.a(_ctors.o)
 .text.libgcc.fmul
                0x00000000        0x0 c:/program files (x86)/atmel/studio/7.0/toolchain/avr8/avr8-gnu-toolchain/bin/../lib/gcc/avr/5.4.0/avr6\libgcc.a(_ctors.o)
 .text.libgcc.fixed
                0x00000000        0x0 c:/program files (x86)/atmel/studio/7.0/toolchain/avr8/avr8-gnu-toolchain/bin/../lib/gcc/avr/5.4.0/avr6\libgcc.a(_ctors.o)
 .text          0x00000000        0x0 c:/program files (x86)/atmel/studio/7.0/toolchain/avr8/avr8-gnu-toolchain/bin/../lib/gcc/avr/5.4.0/avr6\libgcc.a(_udivmodhi4.o)
 .data          0x00000000        0x0 c:/program files (x86)/atmel/studio/7.0/toolchain/avr8/avr8-gnu-toolchain/bin/../lib/gcc/avr/5.4.0/avr6\libgcc.a(_udivmodhi4.o)
 .bss           0x00000000        0x0 c:/program files (x86)/atmel/studio/7.0/toolchain/avr8/avr8-gnu-toolchain/bin/../lib/gcc/avr/5.4.0/avr6\libgcc.a(_udivmodhi4.o)
 .text.libgcc.mul
                0x00000000        0x0 c:/program files (x86)/atmel/studio/7.0/toolchain/avr8/avr8-gnu-toolchain/bin/../lib/gcc/avr/5.4.0/avr6\libgcc.a(_udivmodhi4.o)
 .text.libgcc   0x00000000        0x0 c:/program files (x86)/atmel/studio/7.0/toolchain/avr8/avr8-gnu-toolchain/bin/../lib/gcc/avr/5.4.0/avr6\libgcc.a(_udivmodhi4.o)
 .text.libgcc.prologue
                0x00000000        0x0 c:/program files (x86)/atmel/studio/7.0/toolchain/avr8/avr8-gnu-toolchain/bin/../lib/gcc/avr/5.4.0/avr6\libgcc.a(_udivmodhi4.o)
 .text.libgcc.builtins
                0x00000000        0x0 c:/program files (x86)/atmel/studio/7.0/toolchain/avr8/avr8-gnu-toolchain/bin/../lib/gcc/avr/5.4.0/avr6\libgcc.a(_udivmodhi4.o)
 .text.libgcc.fmul
                0x00000000        0x0 c:/program files (x86)/atmel/studio/7.0/toolchain/avr8/avr8-gnu-toolchain/bin/../lib/gcc/avr/5.4.0/avr6\libgcc.a(_udivmodhi4.o)
 .text.libgcc.fixed
                0x00000000        0x0 c:/program files (x86)/atmel/studio/7.0/toolchain/avr8/avr8-gnu-toolchain/bin/../lib/gcc/avr/5.4.0/avr6\libgcc.a(_udivmodhi4.o)
 .text          0x00000000        0x0 c:/program files (x86)/atmel/studio/7.0/toolchain/avr8/avr8-gnu-toolchain/bin/../lib/gcc/avr/5.4.0/avr6\libgcc.a(_tablejump2.o)
 .data          0x00000000        0x0 c:/program files (x86)/atmel/studio/7.0/toolchain/avr8/avr8-gnu-toolchain/bin/../lib/gcc/avr/5.4.0/avr6\libgcc.a(_tablejump2.o)
 .bss           0x00000000        0x0 c:/program files (x86)/atmel/studio/7.0/toolchain/avr8/avr8-gnu-toolchain/bin/../lib/gcc/avr/5.4.0/avr6\libgcc.a(_tablejump2.o)
 .text.libgcc.mul
                0x00000000        0x0 c:/program files (x86)/atmel/studio/7.0/toolchain/avr8/avr8-gnu-toolchain/bin/../lib/gcc/avr/5.4.0/avr6\libgcc.a(_tablejump2.o)
 .text.libgcc.div
                0x00000000        0x0 c:/program files (x86)/atmel/studio/7.0/toolchain/avr8/avr8-gnu-toolchain/bin/../lib/gcc/avr/5.4.0/avr6\libgcc.a(_tablejump2.o)
 .text.libgcc.prologue
                0x00000000        0x0 c:/program files (x86)/atmel/studio/7.0/toolchain/avr8/avr8-gnu-toolchain/bin/../lib/gcc/avr/5.4.0/avr6\libgcc.a(_tablejump2.o)
 .text.libgcc.builtins
                0x00000000        0x0 c:/program files (x86)/atmel/studio/7.0/toolchain/avr8/avr8-gnu-toolchain/bin/../lib/gcc/avr/5.4.0/avr6\libgcc.a(_tablejump2.o)
 .text.libgcc.fmul
                0x00000000        0x0 c:/program files (x86)/atmel/studio/7.0/toolchain/avr8/avr8-gnu-toolchain/bin/../lib/gcc/avr/5.4.0/avr6\libgcc.a(_tablejump2.o)
 .text.libgcc.fixed
                0x00000000        0x0 c:/program files (x86)/atmel/studio/7.0/toolchain/avr8/avr8-gnu-toolchain/bin/../lib/gcc/avr/5.4.0/avr6\libgcc.a(_tablejump2.o)

Memory Configuration

Name             Origin             Length             Attributes
text             0x00000000         0x00040000         xr
data             0x00800200         0x00002000         rw !x
eeprom           0x00810000         0x00001000         rw !x
fuse             0x00820000         0x00000003         rw !x
lock             0x00830000         0x00000400         rw !x
signature        0x00840000         0x00000400         rw !x
user_signatures  0x00850000         0x00000400         rw !x
*default*        0x00000000         0xffffffff

Linker script and memory map

Address of section .data set to 0x800200
LOAD C:/Program Files (x86)/Atmel/Studio/7.0/Packs/atmel/ATmega_DFP/1.6.364/gcc/dev/atmega2560/avr6/crtatmega2560.o
LOAD main.o
START GROUP
LOAD c:/program files (x86)/atmel/studio/7.0/toolchain/avr8/avr8-gnu-toolchain/bin/../lib/gcc/avr/5.4.0/../../../../avr/lib/avr6\libm.a
LOAD D:\University\Semester 6\OOSE-LAB SS22\Runtime\libRuntime.a
END GROUP
LOAD c:/program files (x86)/atmel/studio/7.0/toolchain/avr8/avr8-gnu-toolchain/bin/../lib/gcc/avr/5.4.0/avr6\libgcc.a
LOAD c:/program files (x86)/atmel/studio/7.0/toolchain/avr8/avr8-gnu-toolchain/bin/../lib/gcc/avr/5.4.0/../../../../avr/lib/avr6\libm.a
START GROUP
LOAD c:/program files (x86)/atmel/studio/7.0/toolchain/avr8/avr8-gnu-toolchain/bin/../lib/gcc/avr/5.4.0/avr6\libgcc.a
LOAD c:/program files (x86)/atmel/studio/7.0/toolchain/avr8/avr8-gnu-toolchain/bin/../lib/gcc/avr/5.4.0/../../../../avr/lib/avr6\libm.a
LOAD c:/program files (x86)/atmel/studio/7.0/toolchain/avr8/avr8-gnu-toolchain/bin/../lib/gcc/avr/5.4.0/../../../../avr/lib/avr6\libc.a
LOAD C:/Program Files (x86)/Atmel/Studio/7.0/Packs/atmel/ATmega_DFP/1.6.364/gcc/dev/atmega2560/avr6\libatmega2560.a
END GROUP
                0x00000000                __TEXT_REGION_ORIGIN__ = DEFINED (__TEXT_REGION_ORIGIN__)?__TEXT_REGION_ORIGIN__:0x0
                [0x00800200]                __DATA_REGION_ORIGIN__ = DEFINED (__DATA_REGION_ORIGIN__)?__DATA_REGION_ORIGIN__:0x800200
                [0x00040000]                __TEXT_REGION_LENGTH__ = DEFINED (__TEXT_REGION_LENGTH__)?__TEXT_REGION_LENGTH__:0x100000
                [0x00002000]                __DATA_REGION_LENGTH__ = DEFINED (__DATA_REGION_LENGTH__)?__DATA_REGION_LENGTH__:0xfe00
                [0x00001000]                __EEPROM_REGION_LENGTH__ = DEFINED (__EEPROM_REGION_LENGTH__)?__EEPROM_REGION_LENGTH__:0x10000
                [0x00000003]                __FUSE_REGION_LENGTH__ = DEFINED (__FUSE_REGION_LENGTH__)?__FUSE_REGION_LENGTH__:0x400
                0x00000400                __LOCK_REGION_LENGTH__ = DEFINED (__LOCK_REGION_LENGTH__)?__LOCK_REGION_LENGTH__:0x400
                0x00000400                __SIGNATURE_REGION_LENGTH__ = DEFINED (__SIGNATURE_REGION_LENGTH__)?__SIGNATURE_REGION_LENGTH__:0x400
                0x00000400                __USER_SIGNATURE_REGION_LENGTH__ = DEFINED (__USER_SIGNATURE_REGION_LENGTH__)?__USER_SIGNATURE_REGION_LENGTH__:0x400

.hash
 *(.hash)

.dynsym
 *(.dynsym)

.dynstr
 *(.dynstr)

.gnu.version
 *(.gnu.version)

.gnu.version_d
 *(.gnu.version_d)

.gnu.version_r
 *(.gnu.version_r)

.rel.init
 *(.rel.init)

.rela.init
 *(.rela.init)

.rel.text
 *(.rel.text)
 *(.rel.text.*)
 *(.rel.gnu.linkonce.t*)

.rela.text
 *(.rela.text)
 *(.rela.text.*)
 *(.rela.gnu.linkonce.t*)

.rel.fini
 *(.rel.fini)

.rela.fini
 *(.rela.fini)

.rel.rodata
 *(.rel.rodata)
 *(.rel.rodata.*)
 *(.rel.gnu.linkonce.r*)

.rela.rodata
 *(.rela.rodata)
 *(.rela.rodata.*)
 *(.rela.gnu.linkonce.r*)

.rel.data
 *(.rel.data)
 *(.rel.data.*)
 *(.rel.gnu.linkonce.d*)

.rela.data
 *(.rela.data)
 *(.rela.data.*)
 *(.rela.gnu.linkonce.d*)

.rel.ctors
 *(.rel.ctors)

.rela.ctors
 *(.rela.ctors)

.rel.dtors
 *(.rel.dtors)

.rela.dtors
 *(.rela.dtors)

.rel.got
 *(.rel.got)

.rela.got
 *(.rela.got)

.rel.bss
 *(.rel.bss)

.rela.bss
 *(.rela.bss)

.rel.plt
 *(.rel.plt)

.rela.plt
 *(.rela.plt)

.text           0x00000000     0x1d48
 *(.vectors)
 .vectors       0x00000000       0xe4 C:/Program Files (x86)/Atmel/Studio/7.0/Packs/atmel/ATmega_DFP/1.6.364/gcc/dev/atmega2560/avr6/crtatmega2560.o
                0x00000000                __vector_default
                0x00000000                __vectors
 *(.vectors)
 *(.progmem.gcc*)
                0x000000e4                . = ALIGN (0x2)
                0x000000e4                __trampolines_start = .
 *(.trampolines)
 .trampolines   0x000000e4        0x0 linker stubs
 *(.trampolines*)
                0x000000e4                __trampolines_end = .
 *libprintf_flt.a:*(.progmem.data)
 *libc.a:*(.progmem.data)
 *(.progmem*)
                0x000000e4                . = ALIGN (0x2)
 *(.jumptables)
 *(.jumptables*)
 *(.lowtext)
 *(.lowtext*)
                0x000000e4                __ctors_start = .
 *(.ctors)
 .ctors         0x000000e4        0x2 main.o
 .ctors         0x000000e6        0x2 D:\University\Semester 6\OOSE-LAB SS22\Runtime\libRuntime.a(OSKernel.o)
                0x000000e8                __ctors_end = .
                0x000000e8                __dtors_start = .
 *(.dtors)
                0x000000e8                __dtors_end = .
 SORT(*)(.ctors)
 SORT(*)(.dtors)
 *(.init0)
 .init0         0x000000e8        0x0 C:/Program Files (x86)/Atmel/Studio/7.0/Packs/atmel/ATmega_DFP/1.6.364/gcc/dev/atmega2560/avr6/crtatmega2560.o
                0x000000e8                __init
 .init0         0x000000e8       0x18 main.o
 .init0         0x00000100       0x18 D:\University\Semester 6\OOSE-LAB SS22\Runtime\libRuntime.a(DigiPort.o)
 .init0         0x00000118       0x18 D:\University\Semester 6\OOSE-LAB SS22\Runtime\libRuntime.a(LCD.o)
 .init0         0x00000130       0x18 D:\University\Semester 6\OOSE-LAB SS22\Runtime\libRuntime.a(OSKernel.o)
 .init0         0x00000148       0x18 D:\University\Semester 6\OOSE-LAB SS22\Runtime\libRuntime.a(Timer.o)
 .init0         0x00000160       0x18 D:\University\Semester 6\OOSE-LAB SS22\Runtime\libRuntime.a(Basics.o)
 *(.init0)
 *(.init1)
 *(.init1)
 *(.init2)
 .init2         0x00000178       0x10 C:/Program Files (x86)/Atmel/Studio/7.0/Packs/atmel/ATmega_DFP/1.6.364/gcc/dev/atmega2560/avr6/crtatmega2560.o
 *(.init2)
 *(.init3)
 *(.init3)
 *(.init4)
 .init4         0x00000188       0x1a c:/program files (x86)/atmel/studio/7.0/toolchain/avr8/avr8-gnu-toolchain/bin/../lib/gcc/avr/5.4.0/avr6\libgcc.a(_copy_data.o)
                0x00000188                __do_copy_data
 .init4         0x000001a2       0x10 c:/program files (x86)/atmel/studio/7.0/toolchain/avr8/avr8-gnu-toolchain/bin/../lib/gcc/avr/5.4.0/avr6\libgcc.a(_clear_bss.o)
                0x000001a2                __do_clear_bss
 *(.init4)
 *(.init5)
 *(.init5)
 *(.init6)
 .init6         0x000001b2       0x20 c:/program files (x86)/atmel/studio/7.0/toolchain/avr8/avr8-gnu-toolchain/bin/../lib/gcc/avr/5.4.0/avr6\libgcc.a(_ctors.o)
                0x000001b2                __do_global_ctors
 *(.init6)
 *(.init7)
 *(.init7)
 *(.init8)
 *(.init8)
 *(.init9)
 .init9         0x000001d2        0x6 C:/Program Files (x86)/Atmel/Studio/7.0/Packs/atmel/ATmega_DFP/1.6.364/gcc/dev/atmega2560/avr6/crtatmega2560.o
 *(.init9)
 *(.text)
 .text          0x000001d8        0x2 C:/Program Files (x86)/Atmel/Studio/7.0/Packs/atmel/ATmega_DFP/1.6.364/gcc/dev/atmega2560/avr6/crtatmega2560.o
                0x000001d8                __vector_38
                0x000001d8                __vector_28
                0x000001d8                __vector_1
                0x000001d8                __vector_24
                0x000001d8                __vector_12
                0x000001d8                __vector_55
                0x000001d8                __vector_46
                0x000001d8                __bad_interrupt
                0x000001d8                __vector_6
                0x000001d8                __vector_31
                0x000001d8                __vector_39
                0x000001d8                __vector_3
                0x000001d8                __vector_30
                0x000001d8                __vector_25
                0x000001d8                __vector_54
                0x000001d8                __vector_56
                0x000001d8                __vector_7
                0x000001d8                __vector_41
                0x000001d8                __vector_27
                0x000001d8                __vector_5
                0x000001d8                __vector_52
                0x000001d8                __vector_37
                0x000001d8                __vector_4
                0x000001d8                __vector_51
                0x000001d8                __vector_2
                0x000001d8                __vector_15
                0x000001d8                __vector_36
                0x000001d8                __vector_29
                0x000001d8                __vector_40
                0x000001d8                __vector_8
                0x000001d8                __vector_26
                0x000001d8                __vector_53
                0x000001d8                __vector_16
                0x000001da                . = ALIGN (0x2)
 *(.text.*)
 .text._Z41__static_initialization_and_destruction_0ii
                0x000001da       0x5a main.o
 .text._ZN5Ampel16start_up_requestEv
                0x00000234       0x5a main.o
                0x00000234                _ZN5Ampel16start_up_requestEv
 .text._ZN5Ampel17shut_down_requestEv
                0x0000028e       0x32 main.o
                0x0000028e                _ZN5Ampel17shut_down_requestEv
 .text._ZN5Ampel10next_stateEv
                0x000002c0       0xfe main.o
                0x000002c0                _ZN5Ampel10next_stateEv
 .text._ZL10next_statev
                0x000003be        0x8 main.o
 .text._ZN5Ampel16display_settingsEv
                0x000003c6       0x2e main.o
                0x000003c6                _ZN5Ampel16display_settingsEv
 .text.main     0x000003f4       0x6e main.o
                0x000003f4                main
 .text._GLOBAL__sub_I_mein_display
                0x00000462        0xc main.o
 .text._ZN11DigiPortRawC2Ehhh
                0x0000046e       0x44 D:\University\Semester 6\OOSE-LAB SS22\Runtime\libRuntime.a(DigiPort.o)
                0x0000046e                _ZN11DigiPortRawC1Ehhh
                0x0000046e                _ZN11DigiPortRawC2Ehhh
 .text.__vector_9
                0x000004b2       0x66 D:\University\Semester 6\OOSE-LAB SS22\Runtime\libRuntime.a(DigiPort.o)
                0x000004b2                __vector_9
 .text.__vector_10
                0x00000518       0x66 D:\University\Semester 6\OOSE-LAB SS22\Runtime\libRuntime.a(DigiPort.o)
                0x00000518                __vector_10
 .text.__vector_11
                0x0000057e       0x66 D:\University\Semester 6\OOSE-LAB SS22\Runtime\libRuntime.a(DigiPort.o)
                0x0000057e                __vector_11
 .text._ZN3LCD10wait_readyEv
                0x000005e4       0xd4 D:\University\Semester 6\OOSE-LAB SS22\Runtime\libRuntime.a(LCD.o)
                0x000005e4                _ZN3LCD10wait_readyEv
 .text._ZN3LCD6enableEv
                0x000006b8       0x44 D:\University\Semester 6\OOSE-LAB SS22\Runtime\libRuntime.a(LCD.o)
                0x000006b8                _ZN3LCD6enableEv
 .text._ZN3LCD7commandEh
                0x000006fc       0xb6 D:\University\Semester 6\OOSE-LAB SS22\Runtime\libRuntime.a(LCD.o)
                0x000006fc                _ZN3LCD7commandEh
 .text._ZN3LCD7set_posEhh
                0x000007b2       0x58 D:\University\Semester 6\OOSE-LAB SS22\Runtime\libRuntime.a(LCD.o)
                0x000007b2                _ZN3LCD7set_posEhh
 .text._ZN3LCD14advance_cursorEv
                0x0000080a       0x3c D:\University\Semester 6\OOSE-LAB SS22\Runtime\libRuntime.a(LCD.o)
                0x0000080a                _ZN3LCD14advance_cursorEv
 .text._ZN3LCD4initEh
                0x00000846      0x134 D:\University\Semester 6\OOSE-LAB SS22\Runtime\libRuntime.a(LCD.o)
                0x00000846                _ZN3LCD4initEh
 .text._ZN3LCDC2Eh10LCD_Type_th
                0x0000097a       0x66 D:\University\Semester 6\OOSE-LAB SS22\Runtime\libRuntime.a(LCD.o)
                0x0000097a                _ZN3LCDC2Eh10LCD_Type_th
                0x0000097a                _ZN3LCDC1Eh10LCD_Type_th
 .text._ZN3LCD10write_charEc
                0x000009e0       0x62 D:\University\Semester 6\OOSE-LAB SS22\Runtime\libRuntime.a(LCD.o)
                0x000009e0                _ZN3LCD10write_charEc
 .text._ZN3LCD15write_SRAM_textEPKch
                0x00000a42       0x44 D:\University\Semester 6\OOSE-LAB SS22\Runtime\libRuntime.a(LCD.o)
                0x00000a42                _ZN3LCD15write_SRAM_textEPKch
 .text._ZN3LCD4itoaEPcihc
                0x00000a86       0xea D:\University\Semester 6\OOSE-LAB SS22\Runtime\libRuntime.a(LCD.o)
                0x00000a86                _ZN3LCD4itoaEPcihc
 .text._ZN3LCD12write_numberEihc
                0x00000b70       0x1a D:\University\Semester 6\OOSE-LAB SS22\Runtime\libRuntime.a(LCD.o)
                0x00000b70                _ZN3LCD12write_numberEihc
 .text._Z11sem_waitingv
                0x00000b8a       0x36 D:\University\Semester 6\OOSE-LAB SS22\Runtime\libRuntime.a(OSKernel.o)
                0x00000b8a                _Z11sem_waitingv
 .text.__vector_23
                0x00000bc0      0x202 D:\University\Semester 6\OOSE-LAB SS22\Runtime\libRuntime.a(OSKernel.o)
                0x00000bc0                __vector_23
 .text._GLOBAL__sub_I__Z11task_insertPFvvE8Priority
                0x00000dc2        0xa D:\University\Semester 6\OOSE-LAB SS22\Runtime\libRuntime.a(OSKernel.o)
 .text._ZN6Timer88notify_AEv
                0x00000dcc       0x2c D:\University\Semester 6\OOSE-LAB SS22\Runtime\libRuntime.a(Timer.o)
                0x00000dcc                _ZN6Timer88notify_AEv
 .text._ZN6Timer88notify_BEv
                0x00000df8       0x2c D:\University\Semester 6\OOSE-LAB SS22\Runtime\libRuntime.a(Timer.o)
                0x00000df8                _ZN6Timer88notify_BEv
 .text._ZN6Timer88notify_CEv
                0x00000e24        0x2 D:\University\Semester 6\OOSE-LAB SS22\Runtime\libRuntime.a(Timer.o)
                0x00000e24                _ZN6Timer88notify_CEv
 .text._ZN6Timer88notify_OEv
                0x00000e26       0x24 D:\University\Semester 6\OOSE-LAB SS22\Runtime\libRuntime.a(Timer.o)
                0x00000e26                _ZN6Timer88notify_OEv
 .text._ZN7OSTimer5resetEv
                0x00000e4a       0x4c D:\University\Semester 6\OOSE-LAB SS22\Runtime\libRuntime.a(Timer.o)
                0x00000e4a                _ZN7OSTimer5resetEv
 .text._ZN7Timer168notify_AEv
                0x00000e96       0x2c D:\University\Semester 6\OOSE-LAB SS22\Runtime\libRuntime.a(Timer.o)
                0x00000e96                _ZN7Timer168notify_AEv
 .text._ZN7Timer168notify_BEv
                0x00000ec2       0x2c D:\University\Semester 6\OOSE-LAB SS22\Runtime\libRuntime.a(Timer.o)
                0x00000ec2                _ZN7Timer168notify_BEv
 .text._ZN7Timer168notify_CEv
                0x00000eee       0x2c D:\University\Semester 6\OOSE-LAB SS22\Runtime\libRuntime.a(Timer.o)
                0x00000eee                _ZN7Timer168notify_CEv
 .text._ZN7Timer168notify_OEv
                0x00000f1a       0x24 D:\University\Semester 6\OOSE-LAB SS22\Runtime\libRuntime.a(Timer.o)
                0x00000f1a                _ZN7Timer168notify_OEv
 .text.__cxa_pure_virtual
                0x00000f3e        0x2 D:\University\Semester 6\OOSE-LAB SS22\Runtime\libRuntime.a(Timer.o)
                0x00000f3e                __cxa_pure_virtual
 .text.__vector_21
                0x00000f40       0x66 D:\University\Semester 6\OOSE-LAB SS22\Runtime\libRuntime.a(Timer.o)
                0x00000f40                __vector_21
 .text.__vector_22
                0x00000fa6       0x66 D:\University\Semester 6\OOSE-LAB SS22\Runtime\libRuntime.a(Timer.o)
                0x00000fa6                __vector_22
 .text.__vector_13
                0x0000100c       0x66 D:\University\Semester 6\OOSE-LAB SS22\Runtime\libRuntime.a(Timer.o)
                0x0000100c                __vector_13
 .text.__vector_14
                0x00001072       0x66 D:\University\Semester 6\OOSE-LAB SS22\Runtime\libRuntime.a(Timer.o)
                0x00001072                __vector_14
 .text.__vector_17
                0x000010d8       0x66 D:\University\Semester 6\OOSE-LAB SS22\Runtime\libRuntime.a(Timer.o)
                0x000010d8                __vector_17
 .text.__vector_18
                0x0000113e       0x66 D:\University\Semester 6\OOSE-LAB SS22\Runtime\libRuntime.a(Timer.o)
                0x0000113e                __vector_18
 .text.__vector_19
                0x000011a4       0x66 D:\University\Semester 6\OOSE-LAB SS22\Runtime\libRuntime.a(Timer.o)
                0x000011a4                __vector_19
 .text.__vector_20
                0x0000120a       0x66 D:\University\Semester 6\OOSE-LAB SS22\Runtime\libRuntime.a(Timer.o)
                0x0000120a                __vector_20
 .text.__vector_32
                0x00001270       0x66 D:\University\Semester 6\OOSE-LAB SS22\Runtime\libRuntime.a(Timer.o)
                0x00001270                __vector_32
 .text.__vector_33
                0x000012d6       0x66 D:\University\Semester 6\OOSE-LAB SS22\Runtime\libRuntime.a(Timer.o)
                0x000012d6                __vector_33
 .text.__vector_34
                0x0000133c       0x66 D:\University\Semester 6\OOSE-LAB SS22\Runtime\libRuntime.a(Timer.o)
                0x0000133c                __vector_34
 .text.__vector_35
                0x000013a2       0x66 D:\University\Semester 6\OOSE-LAB SS22\Runtime\libRuntime.a(Timer.o)
                0x000013a2                __vector_35
 .text.__vector_42
                0x00001408       0x66 D:\University\Semester 6\OOSE-LAB SS22\Runtime\libRuntime.a(Timer.o)
                0x00001408                __vector_42
 .text.__vector_43
                0x0000146e       0x66 D:\University\Semester 6\OOSE-LAB SS22\Runtime\libRuntime.a(Timer.o)
                0x0000146e                __vector_43
 .text.__vector_44
                0x000014d4       0x66 D:\University\Semester 6\OOSE-LAB SS22\Runtime\libRuntime.a(Timer.o)
                0x000014d4                __vector_44
 .text.__vector_45
                0x0000153a       0x66 D:\University\Semester 6\OOSE-LAB SS22\Runtime\libRuntime.a(Timer.o)
                0x0000153a                __vector_45
 .text.__vector_47
                0x000015a0       0x66 D:\University\Semester 6\OOSE-LAB SS22\Runtime\libRuntime.a(Timer.o)
                0x000015a0                __vector_47
 .text.__vector_48
                0x00001606       0x66 D:\University\Semester 6\OOSE-LAB SS22\Runtime\libRuntime.a(Timer.o)
                0x00001606                __vector_48
 .text.__vector_49
                0x0000166c       0x66 D:\University\Semester 6\OOSE-LAB SS22\Runtime\libRuntime.a(Timer.o)
                0x0000166c                __vector_49
 .text.__vector_50
                0x000016d2       0x66 D:\University\Semester 6\OOSE-LAB SS22\Runtime\libRuntime.a(Timer.o)
                0x000016d2                __vector_50
 .text._ZN7Timer16C2EhPFvvES1_S1_S1_
                0x00001738      0x1ba D:\University\Semester 6\OOSE-LAB SS22\Runtime\libRuntime.a(Timer.o)
                0x00001738                _ZN7Timer16C2EhPFvvES1_S1_S1_
                0x00001738                _ZN7Timer16C1EhPFvvES1_S1_S1_
 .text._ZN7Timer168start_msEjjjjh
                0x000018f2      0x164 D:\University\Semester 6\OOSE-LAB SS22\Runtime\libRuntime.a(Timer.o)
                0x000018f2                _ZN7Timer168start_msEjjjjh
 .text._ZN6Timer8C2EhPFvvES1_S1_
                0x00001a56       0xec D:\University\Semester 6\OOSE-LAB SS22\Runtime\libRuntime.a(Timer.o)
                0x00001a56                _ZN6Timer8C1EhPFvvES1_S1_
                0x00001a56                _ZN6Timer8C2EhPFvvES1_S1_
 .text._ZN7OSTimerC2Eh
                0x00001b42       0x48 D:\University\Semester 6\OOSE-LAB SS22\Runtime\libRuntime.a(Timer.o)
                0x00001b42                _ZN7OSTimerC2Eh
                0x00001b42                _ZN7OSTimerC1Eh
 .text._ZN5Timer4stopEv
                0x00001b8a       0x18 D:\University\Semester 6\OOSE-LAB SS22\Runtime\libRuntime.a(Timer.o)
                0x00001b8a                _ZN5Timer4stopEv
 .text._ZN7Timer165resetEv
                0x00001ba2       0x7c D:\University\Semester 6\OOSE-LAB SS22\Runtime\libRuntime.a(Timer.o)
                0x00001ba2                _ZN7Timer165resetEv
 .text._ZN6Timer85resetEv
                0x00001c1e       0x36 D:\University\Semester 6\OOSE-LAB SS22\Runtime\libRuntime.a(Timer.o)
                0x00001c1e                _ZN6Timer85resetEv
 .text._Z22port_handle_to_addressh
                0x00001c54       0x48 D:\University\Semester 6\OOSE-LAB SS22\Runtime\libRuntime.a(Basics.o)
                0x00001c54                _Z22port_handle_to_addressh
 .text._Z20tc_handle_to_addressh
                0x00001c9c       0x4a D:\University\Semester 6\OOSE-LAB SS22\Runtime\libRuntime.a(Basics.o)
                0x00001c9c                _Z20tc_handle_to_addressh
 .text.libgcc.div
                0x00001ce6       0x26 c:/program files (x86)/atmel/studio/7.0/toolchain/avr8/avr8-gnu-toolchain/bin/../lib/gcc/avr/5.4.0/avr6\libgcc.a(_divmodhi4.o)
                0x00001ce6                _div
                0x00001ce6                __divmodhi4
 .text.libgcc.div
                0x00001d0c       0x28 c:/program files (x86)/atmel/studio/7.0/toolchain/avr8/avr8-gnu-toolchain/bin/../lib/gcc/avr/5.4.0/avr6\libgcc.a(_udivmodhi4.o)
                0x00001d0c                __udivmodhi4
 .text.libgcc   0x00001d34       0x10 c:/program files (x86)/atmel/studio/7.0/toolchain/avr8/avr8-gnu-toolchain/bin/../lib/gcc/avr/5.4.0/avr6\libgcc.a(_tablejump2.o)
                0x00001d34                __tablejump2__
                0x00001d44                . = ALIGN (0x2)
 *(.fini9)
 .fini9         0x00001d44        0x0 c:/program files (x86)/atmel/studio/7.0/toolchain/avr8/avr8-gnu-toolchain/bin/../lib/gcc/avr/5.4.0/avr6\libgcc.a(_exit.o)
                0x00001d44                _exit
                0x00001d44                exit
 *(.fini9)
 *(.fini8)
 *(.fini8)
 *(.fini7)
 *(.fini7)
 *(.fini6)
 *(.fini6)
 *(.fini5)
 *(.fini5)
 *(.fini4)
 *(.fini4)
 *(.fini3)
 *(.fini3)
 *(.fini2)
 *(.fini2)
 *(.fini1)
 *(.fini1)
 *(.fini0)
 .fini0         0x00001d44        0x4 c:/program files (x86)/atmel/studio/7.0/toolchain/avr8/avr8-gnu-toolchain/bin/../lib/gcc/avr/5.4.0/avr6\libgcc.a(_exit.o)
 *(.fini0)
                0x00001d48                _etext = .

.data           0x00800200      0x100 load address 0x00001d48
                0x00800200                PROVIDE (__data_start, .)
 *(.data)
 *(.data*)
 .data._ZL16sem_waiting_list
                0x00800200        0x8 D:\University\Semester 6\OOSE-LAB SS22\Runtime\libRuntime.a(OSKernel.o)
 .data._ZL14active_task_id
                0x00800208        0x1 D:\University\Semester 6\OOSE-LAB SS22\Runtime\libRuntime.a(OSKernel.o)
 *(.gnu.linkonce.d*)
 *(.rodata)
 *(.rodata*)
 .rodata.str1.1
                0x00800209        0xd main.o
 .rodata._ZN5Ampel11state_tableE
                0x00800216       0x54 main.o
                0x00800216                _ZN5Ampel11state_tableE
 .rodata.lcdTypes
                0x0080026a       0x3c D:\University\Semester 6\OOSE-LAB SS22\Runtime\libRuntime.a(LCD.o)
                0x0080026a                lcdTypes
 .rodata._ZTV5Timer
                0x008002a6        0xe D:\University\Semester 6\OOSE-LAB SS22\Runtime\libRuntime.a(Timer.o)
                0x008002a6                _ZTV5Timer
 .rodata._ZTV6Timer8
                0x008002b4        0xe D:\University\Semester 6\OOSE-LAB SS22\Runtime\libRuntime.a(Timer.o)
                0x008002b4                _ZTV6Timer8
 .rodata._ZTV7OSTimer
                0x008002c2        0xe D:\University\Semester 6\OOSE-LAB SS22\Runtime\libRuntime.a(Timer.o)
                0x008002c2                _ZTV7OSTimer
 .rodata._ZTV7Timer16
                0x008002d0        0xe D:\University\Semester 6\OOSE-LAB SS22\Runtime\libRuntime.a(Timer.o)
                0x008002d0                _ZTV7Timer16
 .rodata.tc_vect
                0x008002de        0xc D:\University\Semester 6\OOSE-LAB SS22\Runtime\libRuntime.a(Basics.o)
                0x008002de                tc_vect
 .rodata.port_vect
                0x008002ea       0x16 D:\University\Semester 6\OOSE-LAB SS22\Runtime\libRuntime.a(Basics.o)
                0x008002ea                port_vect
 *(.gnu.linkonce.r*)
                0x00800300                . = ALIGN (0x2)
                0x00800300                _edata = .
                0x00800300                PROVIDE (__data_end, .)

.bss            0x00800300     0x19af
                0x00800300                PROVIDE (__bss_start, .)
 *(.bss)
 *(.bss*)
 .bss.dieAmpel  0x00800300        0x4 main.o
                0x00800300                dieAmpel
 .bss.keys      0x00800304        0x4 main.o
                0x00800304                keys
 .bss.ticker    0x00800308       0x12 main.o
                0x00800308                ticker
 .bss.leds      0x0080031a        0x4 main.o
                0x0080031a                leds
 .bss.mein_display
                0x0080031e        0xa main.o
                0x0080031e                mein_display
 .bss.dp_obj    0x00800328        0x6 D:\University\Semester 6\OOSE-LAB SS22\Runtime\libRuntime.a(DigiPort.o)
                0x00800328                dp_obj
 .bss._ZZN3LCD4itoaEPcihcE3num
                0x0080032e        0x7 D:\University\Semester 6\OOSE-LAB SS22\Runtime\libRuntime.a(LCD.o)
 .bss._ZL18sem_waiting_oldest
                0x00800335        0x1 D:\University\Semester 6\OOSE-LAB SS22\Runtime\libRuntime.a(OSKernel.o)
 .bss._ZL17sem_waiting_count
                0x00800336        0x1 D:\University\Semester 6\OOSE-LAB SS22\Runtime\libRuntime.a(OSKernel.o)
 .bss._ZL8OS_timer
                0x00800337       0x11 D:\University\Semester 6\OOSE-LAB SS22\Runtime\libRuntime.a(OSKernel.o)
 .bss._ZL7taskset
                0x00800348     0x1958 D:\University\Semester 6\OOSE-LAB SS22\Runtime\libRuntime.a(OSKernel.o)
 .bss.timer_obj
                0x00801ca0        0xc D:\University\Semester 6\OOSE-LAB SS22\Runtime\libRuntime.a(Timer.o)
                0x00801ca0                timer_obj
 .bss._ZL8tc_usage
                0x00801cac        0x1 D:\University\Semester 6\OOSE-LAB SS22\Runtime\libRuntime.a(Basics.o)
 .bss._ZL10port_usage
                0x00801cad        0x2 D:\University\Semester 6\OOSE-LAB SS22\Runtime\libRuntime.a(Basics.o)
 *(COMMON)
                0x00801caf                PROVIDE (__bss_end, .)
                0x00001d48                __data_load_start = LOADADDR (.data)
                0x00001e48                __data_load_end = (__data_load_start + SIZEOF (.data))

.noinit         0x00801caf        0x0
                [!provide]                PROVIDE (__noinit_start, .)
 *(.noinit*)
                [!provide]                PROVIDE (__noinit_end, .)
                0x00801caf                _end = .
                [!provide]                PROVIDE (__heap_start, .)

.eeprom         0x00810000        0x0
 *(.eeprom*)
                0x00810000                __eeprom_end = .

.fuse
 *(.fuse)
 *(.lfuse)
 *(.hfuse)
 *(.efuse)

.lock
 *(.lock*)

.signature
 *(.signature*)

.user_signatures
 *(.user_signatures*)

.stab
 *(.stab)

.stabstr
 *(.stabstr)

.stab.excl
 *(.stab.excl)

.stab.exclstr
 *(.stab.exclstr)

.stab.index
 *(.stab.index)

.stab.indexstr
 *(.stab.indexstr)

.comment        0x00000000       0x30
 *(.comment)
 .comment       0x00000000       0x30 main.o
                                 0x31 (size before relaxing)
 .comment       0x00000030       0x31 D:\University\Semester 6\OOSE-LAB SS22\Runtime\libRuntime.a(DigiPort.o)
 .comment       0x00000030       0x31 D:\University\Semester 6\OOSE-LAB SS22\Runtime\libRuntime.a(LCD.o)
 .comment       0x00000030       0x31 D:\University\Semester 6\OOSE-LAB SS22\Runtime\libRuntime.a(OSKernel.o)
 .comment       0x00000030       0x31 D:\University\Semester 6\OOSE-LAB SS22\Runtime\libRuntime.a(Timer.o)
 .comment       0x00000030       0x31 D:\University\Semester 6\OOSE-LAB SS22\Runtime\libRuntime.a(Basics.o)

.note.gnu.avr.deviceinfo
                0x00000000       0x40
 .note.gnu.avr.deviceinfo
                0x00000000       0x40 C:/Program Files (x86)/Atmel/Studio/7.0/Packs/atmel/ATmega_DFP/1.6.364/gcc/dev/atmega2560/avr6/crtatmega2560.o

.note.gnu.build-id
 *(.note.gnu.build-id)

.debug
 *(.debug)

.line
 *(.line)

.debug_srcinfo
 *(.debug_srcinfo)

.debug_sfnames
 *(.debug_sfnames)

.debug_aranges  0x00000000      0x3e0
 *(.debug_aranges)
 .debug_aranges
                0x00000000       0x68 main.o
 .debug_aranges
                0x00000068       0x60 D:\University\Semester 6\OOSE-LAB SS22\Runtime\libRuntime.a(DigiPort.o)
 .debug_aranges
                0x000000c8       0xe0 D:\University\Semester 6\OOSE-LAB SS22\Runtime\libRuntime.a(LCD.o)
 .debug_aranges
                0x000001a8       0x98 D:\University\Semester 6\OOSE-LAB SS22\Runtime\libRuntime.a(OSKernel.o)
 .debug_aranges
                0x00000240      0x170 D:\University\Semester 6\OOSE-LAB SS22\Runtime\libRuntime.a(Timer.o)
 .debug_aranges
                0x000003b0       0x30 D:\University\Semester 6\OOSE-LAB SS22\Runtime\libRuntime.a(Basics.o)

.debug_pubnames
 *(.debug_pubnames)

.debug_info     0x00000000     0x6434
 *(.debug_info .gnu.linkonce.wi.*)
 .debug_info    0x00000000      0xbbc C:/Program Files (x86)/Atmel/Studio/7.0/Packs/atmel/ATmega_DFP/1.6.364/gcc/dev/atmega2560/avr6/crtatmega2560.o
 .debug_info    0x00000bbc     0x1097 main.o
 .debug_info    0x00001c53      0x94f D:\University\Semester 6\OOSE-LAB SS22\Runtime\libRuntime.a(DigiPort.o)
 .debug_info    0x000025a2     0x1c76 D:\University\Semester 6\OOSE-LAB SS22\Runtime\libRuntime.a(LCD.o)
 .debug_info    0x00004218      0xb92 D:\University\Semester 6\OOSE-LAB SS22\Runtime\libRuntime.a(OSKernel.o)
 .debug_info    0x00004daa     0x14d3 D:\University\Semester 6\OOSE-LAB SS22\Runtime\libRuntime.a(Timer.o)
 .debug_info    0x0000627d      0x1b7 D:\University\Semester 6\OOSE-LAB SS22\Runtime\libRuntime.a(Basics.o)

.debug_abbrev   0x00000000     0x2291
 *(.debug_abbrev)
 .debug_abbrev  0x00000000      0xb1a C:/Program Files (x86)/Atmel/Studio/7.0/Packs/atmel/ATmega_DFP/1.6.364/gcc/dev/atmega2560/avr6/crtatmega2560.o
 .debug_abbrev  0x00000b1a      0x4b0 main.o
 .debug_abbrev  0x00000fca      0x3e3 D:\University\Semester 6\OOSE-LAB SS22\Runtime\libRuntime.a(DigiPort.o)
 .debug_abbrev  0x000013ad      0x4d4 D:\University\Semester 6\OOSE-LAB SS22\Runtime\libRuntime.a(LCD.o)
 .debug_abbrev  0x00001881      0x4cf D:\University\Semester 6\OOSE-LAB SS22\Runtime\libRuntime.a(OSKernel.o)
 .debug_abbrev  0x00001d50      0x43d D:\University\Semester 6\OOSE-LAB SS22\Runtime\libRuntime.a(Timer.o)
 .debug_abbrev  0x0000218d      0x104 D:\University\Semester 6\OOSE-LAB SS22\Runtime\libRuntime.a(Basics.o)

.debug_line     0x00000000     0x2d77
 *(.debug_line .debug_line.* .debug_line_end)
 .debug_line    0x00000000      0x1fa C:/Program Files (x86)/Atmel/Studio/7.0/Packs/atmel/ATmega_DFP/1.6.364/gcc/dev/atmega2560/avr6/crtatmega2560.o
 .debug_line    0x000001fa      0x427 main.o
 .debug_line    0x00000621      0x425 D:\University\Semester 6\OOSE-LAB SS22\Runtime\libRuntime.a(DigiPort.o)
 .debug_line    0x00000a46      0xbbb D:\University\Semester 6\OOSE-LAB SS22\Runtime\libRuntime.a(LCD.o)
 .debug_line    0x00001601      0x7b7 D:\University\Semester 6\OOSE-LAB SS22\Runtime\libRuntime.a(OSKernel.o)
 .debug_line    0x00001db8      0xe39 D:\University\Semester 6\OOSE-LAB SS22\Runtime\libRuntime.a(Timer.o)
 .debug_line    0x00002bf1      0x186 D:\University\Semester 6\OOSE-LAB SS22\Runtime\libRuntime.a(Basics.o)

.debug_frame    0x00000000     0x111c
 *(.debug_frame)
 .debug_frame   0x00000000       0xec main.o
 .debug_frame   0x000000ec      0x1c8 D:\University\Semester 6\OOSE-LAB SS22\Runtime\libRuntime.a(DigiPort.o)
 .debug_frame   0x000002b4      0x374 D:\University\Semester 6\OOSE-LAB SS22\Runtime\libRuntime.a(LCD.o)
 .debug_frame   0x00000628      0x114 D:\University\Semester 6\OOSE-LAB SS22\Runtime\libRuntime.a(OSKernel.o)
 .debug_frame   0x0000073c      0x99c D:\University\Semester 6\OOSE-LAB SS22\Runtime\libRuntime.a(Timer.o)
 .debug_frame   0x000010d8       0x44 D:\University\Semester 6\OOSE-LAB SS22\Runtime\libRuntime.a(Basics.o)

.debug_str      0x00000000     0x1b55
 *(.debug_str)
 .debug_str     0x00000000      0x3e6 C:/Program Files (x86)/Atmel/Studio/7.0/Packs/atmel/ATmega_DFP/1.6.364/gcc/dev/atmega2560/avr6/crtatmega2560.o
 .debug_str     0x000003e6      0xa04 main.o
                                0xa7c (size before relaxing)
 .debug_str     0x00000dea      0x3be D:\University\Semester 6\OOSE-LAB SS22\Runtime\libRuntime.a(DigiPort.o)
                                0x61e (size before relaxing)
 .debug_str     0x000011a8      0x232 D:\University\Semester 6\OOSE-LAB SS22\Runtime\libRuntime.a(LCD.o)
                                0x886 (size before relaxing)
 .debug_str     0x000013da      0x2c6 D:\University\Semester 6\OOSE-LAB SS22\Runtime\libRuntime.a(OSKernel.o)
                                0x740 (size before relaxing)
 .debug_str     0x000016a0      0x487 D:\University\Semester 6\OOSE-LAB SS22\Runtime\libRuntime.a(Timer.o)
                                0x8fe (size before relaxing)
 .debug_str     0x00001b27       0x2e D:\University\Semester 6\OOSE-LAB SS22\Runtime\libRuntime.a(Basics.o)
                                0x288 (size before relaxing)

.debug_loc      0x00000000     0x4a4f
 *(.debug_loc)
 .debug_loc     0x00000000      0x2af main.o
 .debug_loc     0x000002af      0x7dd D:\University\Semester 6\OOSE-LAB SS22\Runtime\libRuntime.a(DigiPort.o)
 .debug_loc     0x00000a8c     0x1a7a D:\University\Semester 6\OOSE-LAB SS22\Runtime\libRuntime.a(LCD.o)
 .debug_loc     0x00002506      0x416 D:\University\Semester 6\OOSE-LAB SS22\Runtime\libRuntime.a(OSKernel.o)
 .debug_loc     0x0000291c     0x20c5 D:\University\Semester 6\OOSE-LAB SS22\Runtime\libRuntime.a(Timer.o)
 .debug_loc     0x000049e1       0x6e D:\University\Semester 6\OOSE-LAB SS22\Runtime\libRuntime.a(Basics.o)

.debug_macinfo
 *(.debug_macinfo)

.debug_weaknames
 *(.debug_weaknames)

.debug_funcnames
 *(.debug_funcnames)

.debug_typenames
 *(.debug_typenames)

.debug_varnames
 *(.debug_varnames)

.debug_pubtypes
 *(.debug_pubtypes)

.debug_ranges   0x00000000      0x3f8
 *(.debug_ranges)
 .debug_ranges  0x00000000       0x58 main.o
 .debug_ranges  0x00000058       0x68 D:\University\Semester 6\OOSE-LAB SS22\Runtime\libRuntime.a(DigiPort.o)
 .debug_ranges  0x000000c0      0x100 D:\University\Semester 6\OOSE-LAB SS22\Runtime\libRuntime.a(LCD.o)
 .debug_ranges  0x000001c0       0xb8 D:\University\Semester 6\OOSE-LAB SS22\Runtime\libRuntime.a(OSKernel.o)
 .debug_ranges  0x00000278      0x160 D:\University\Semester 6\OOSE-LAB SS22\Runtime\libRuntime.a(Timer.o)
 .debug_ranges  0x000003d8       0x20 D:\University\Semester 6\OOSE-LAB SS22\Runtime\libRuntime.a(Basics.o)

.debug_macro
 *(.debug_macro)
OUTPUT(Aufgabe4ss22.elf elf32-avr)
LOAD linker stubs
